WARNING: Running pip as the 'root' user can result in broken permissions and conflicting behaviour with the system package manager, possibly rendering your system unusable.It is recommended to use a virtual environment instead: https://pip.pypa.io/warnings/venv. Use the --root-user-action option if you know what you are doing and want to suppress this warning.

[notice] A new release of pip is available: 24.2 -> 26.2.1
[notice] To update, run: python -m pip install --upgrade pip
[setup] linked /root/data/32_shuttle.npz -> /root/data/data/adbench/32_shuttle.npz
[setup] linked /root/data/30_satellite.npz -> /root/data/data/adbench/30_satellite.npz
[setup] linked /root/data/26_optdigits.npz -> /root/data/data/adbench/26_optdigits.npz
[train] GPU: (CPU-only workload, no GPU used)
[train] Loading model...
[train] Model loaded: PipeDistil-real (samplers x 15 shards)
[train] Starting work...
[train]   dispatching 15 shards over 15 workers
[satellite d=36 seed=4] S0_none: auroc=0.782 (teacher 0.830)  (8.3s)
[satellite d=36 seed=1] S0_none: auroc=0.731 (teacher 0.826)  (8.3s)
[satellite d=36 seed=3] S0_none: auroc=0.732 (teacher 0.842)  (8.6s)
[satellite d=36 seed=0] S0_none: auroc=0.752 (teacher 0.847)  (8.8s)
[optdigits d=64 seed=4] S0_none: auroc=0.890 (teacher 0.925)  (10.1s)
[satellite d=36 seed=2] S0_none: auroc=0.778 (teacher 0.851)  (11.8s)
[optdigits d=64 seed=1] S0_none: auroc=0.839 (teacher 0.910)  (10.2s)
[optdigits d=64 seed=2] S0_none: auroc=0.832 (teacher 0.878)  (13.7s)
[optdigits d=64 seed=0] S0_none: auroc=0.930 (teacher 0.912)  (12.7s)
[shuttle d=9 seed=1] S0_none: auroc=0.993 (teacher 1.000)  (14.4s)
[shuttle d=9 seed=4] S0_none: auroc=0.974 (teacher 0.999)  (14.1s)
[optdigits d=64 seed=3] S0_none: auroc=0.757 (teacher 0.907)  (10.9s)
[shuttle d=9 seed=3] S0_none: auroc=0.986 (teacher 0.999)  (15.2s)
[shuttle d=9 seed=2] S0_none: auroc=0.990 (teacher 1.000)  (18.8s)
[satellite d=36 seed=1] S1_gaussian: auroc=0.496 (teacher 0.826)  (14.0s)
[shuttle d=9 seed=0] S0_none: auroc=0.991 (teacher 0.999)  (22.2s)
[satellite d=36 seed=3] S1_gaussian: auroc=0.715 (teacher 0.842)  (15.1s)
[optdigits d=64 seed=4] S1_gaussian: auroc=0.821 (teacher 0.925)  (13.3s)
[satellite d=36 seed=4] S1_gaussian: auroc=0.694 (teacher 0.830)  (18.5s)
[optdigits d=64 seed=1] S1_gaussian: auroc=0.828 (teacher 0.910)  (16.6s)
[satellite d=36 seed=0] S1_gaussian: auroc=0.535 (teacher 0.847)  (20.7s)
[optdigits d=64 seed=0] S1_gaussian: auroc=0.869 (teacher 0.912)  (14.1s)
/usr/local/lib/python3.11/dist-packages/sklearn/neural_network/_multilayer_perceptron.py:785: ConvergenceWarning: Stochastic Optimizer: Maximum iterations (1500) reached and the optimization hasn't converged yet.
  warnings.warn(
[optdigits d=64 seed=3] S1_gaussian: auroc=0.895 (teacher 0.907)  (15.0s)
[optdigits d=64 seed=2] S1_gaussian: auroc=0.697 (teacher 0.878)  (16.3s)
[satellite d=36 seed=2] S1_gaussian: auroc=0.651 (teacher 0.851)  (19.4s)
[satellite d=36 seed=3] S2_uniform: auroc=0.865 (teacher 0.842)  (9.6s)
[optdigits d=64 seed=4] S2_uniform: auroc=0.764 (teacher 0.925)  (9.6s)
[satellite d=36 seed=4] S2_uniform: auroc=0.783 (teacher 0.830)  (8.8s)
[shuttle d=9 seed=3] S1_gaussian: auroc=0.960 (teacher 0.999)  (18.7s)
[optdigits d=64 seed=1] S2_uniform: auroc=0.823 (teacher 0.910)  (13.7s)
[optdigits d=64 seed=0] S2_uniform: auroc=0.865 (teacher 0.912)  (13.3s)
[optdigits d=64 seed=2] S2_uniform: auroc=0.563 (teacher 0.878)  (11.3s)
[satellite d=36 seed=1] S2_uniform: auroc=0.843 (teacher 0.826)  (21.5s)
[optdigits d=64 seed=3] S2_uniform: auroc=0.850 (teacher 0.907)  (12.7s)
[shuttle d=9 seed=0] S1_gaussian: auroc=0.981 (teacher 0.999)  (21.1s)
[satellite d=36 seed=2] S2_uniform: auroc=0.834 (teacher 0.851)  (13.5s)
[shuttle d=9 seed=2] S1_gaussian: auroc=0.844 (teacher 1.000)  (25.2s)
[shuttle d=9 seed=1] S1_gaussian: auroc=0.995 (teacher 1.000)  (30.8s)
/usr/local/lib/python3.11/dist-packages/sklearn/neural_network/_multilayer_perceptron.py:785: ConvergenceWarning: Stochastic Optimizer: Maximum iterations (1500) reached and the optimization hasn't converged yet.
  warnings.warn(
[shuttle d=9 seed=4] S1_gaussian: auroc=0.999 (teacher 0.999)  (33.8s)
[satellite d=36 seed=0] S2_uniform: auroc=0.818 (teacher 0.847)  (20.8s)
[shuttle d=9 seed=0] S2_uniform: auroc=0.969 (teacher 0.999)  (24.1s)
[shuttle d=9 seed=2] S2_uniform: auroc=0.971 (teacher 1.000)  (23.7s)
[shuttle d=9 seed=3] S2_uniform: auroc=0.874 (teacher 0.999)  (34.4s)
[shuttle d=9 seed=4] S2_uniform: auroc=0.966 (teacher 0.999)  (28.7s)
[shuttle d=9 seed=1] S2_uniform: auroc=0.994 (teacher 1.000)  (31.9s)
[shuttle d=9 seed=4] S3_langevin: auroc=0.989 (teacher 0.999)  (983.5s)
[shuttle d=9 seed=2] S3_langevin: auroc=0.990 (teacher 1.000)  (1009.4s)
[shuttle d=9 seed=0] S3_langevin: auroc=0.997 (teacher 0.999)  (1023.9s)
[shuttle d=9 seed=3] S3_langevin: auroc=0.920 (teacher 0.999)  (1032.1s)
[shuttle d=9 seed=1] S3_langevin: auroc=0.527 (teacher 1.000)  (1038.3s)
[shuttle d=9 seed=4] S4_mixed: auroc=0.734 (teacher 0.999)  (504.3s)
/usr/local/lib/python3.11/dist-packages/sklearn/neural_network/_multilayer_perceptron.py:785: ConvergenceWarning: Stochastic Optimizer: Maximum iterations (1500) reached and the optimization hasn't converged yet.
  warnings.warn(
[shuttle d=9 seed=2] S4_mixed: auroc=0.990 (teacher 1.000)  (525.7s)
[shuttle d=9 seed=0] S4_mixed: auroc=0.995 (teacher 0.999)  (525.9s)
[shuttle d=9 seed=3] S4_mixed: auroc=0.984 (teacher 0.999)  (541.5s)
[shuttle d=9 seed=1] S4_mixed: auroc=0.992 (teacher 1.000)  (536.3s)
[shuttle d=9 seed=4] S5_adaptive: auroc=0.998 (teacher 0.999)  (978.3s)
[train]   done shuttle seed=4: 30 rows in 2546.9s
[train]   1/15 shard complete (elapsed 2550s, rows=30)
[shuttle d=9 seed=2] S5_adaptive: auroc=0.996 (teacher 1.000)  (988.5s)
[train]   done shuttle seed=2: 30 rows in 2594.9s
[train]   2/15 shard complete (elapsed 2598s, rows=60)
[shuttle d=9 seed=3] S5_adaptive: auroc=0.976 (teacher 0.999)  (958.6s)
[train]   done shuttle seed=3: 30 rows in 2604.9s
[train]   3/15 shard complete (elapsed 2608s, rows=90)
[shuttle d=9 seed=0] S5_adaptive: auroc=0.986 (teacher 0.999)  (984.4s)
[train]   done shuttle seed=0: 30 rows in 2605.4s
[train]   4/15 shard complete (elapsed 2609s, rows=120)
[shuttle d=9 seed=1] S5_adaptive: auroc=0.955 (teacher 1.000)  (980.2s)
[train]   done shuttle seed=1: 30 rows in 2635.8s
[train]   5/15 shard complete (elapsed 2639s, rows=150)
[satellite d=36 seed=3] S3_langevin: auroc=0.737 (teacher 0.842)  (2929.2s)
[satellite d=36 seed=4] S3_langevin: auroc=0.687 (teacher 0.830)  (2932.4s)
/usr/local/lib/python3.11/dist-packages/sklearn/neural_network/_multilayer_perceptron.py:785: ConvergenceWarning: Stochastic Optimizer: Maximum iterations (1500) reached and the optimization hasn't converged yet.
  warnings.warn(
[satellite d=36 seed=1] S3_langevin: auroc=0.730 (teacher 0.826)  (2935.7s)
[satellite d=36 seed=2] S3_langevin: auroc=0.630 (teacher 0.851)  (3004.6s)
[satellite d=36 seed=0] S3_langevin: auroc=0.779 (teacher 0.847)  (3014.5s)
[satellite d=36 seed=4] S4_mixed: auroc=0.652 (teacher 0.830)  (1207.5s)
[satellite d=36 seed=3] S4_mixed: auroc=0.836 (teacher 0.842)  (1219.5s)
[satellite d=36 seed=1] S4_mixed: auroc=0.767 (teacher 0.826)  (1217.7s)
[satellite d=36 seed=2] S4_mixed: auroc=0.549 (teacher 0.851)  (1263.6s)
[satellite d=36 seed=0] S4_mixed: auroc=0.678 (teacher 0.847)  (1274.5s)
[satellite d=36 seed=4] S5_adaptive: auroc=0.768 (teacher 0.830)  (2202.8s)
[train]   done satellite seed=4: 30 rows in 6379.8s
[train]   6/15 shard complete (elapsed 6383s, rows=180)
[satellite d=36 seed=3] S5_adaptive: auroc=0.682 (teacher 0.842)  (2195.9s)
[train]   done satellite seed=3: 30 rows in 6379.9s
[train]   7/15 shard complete (elapsed 6383s, rows=210)
[satellite d=36 seed=1] S5_adaptive: auroc=0.639 (teacher 0.826)  (2186.2s)
[train]   done satellite seed=1: 30 rows in 6385.0s
[train]   8/15 shard complete (elapsed 6388s, rows=240)
[satellite d=36 seed=2] S5_adaptive: auroc=0.672 (teacher 0.851)  (2174.6s)
[train]   done satellite seed=2: 30 rows in 6489.8s
[train]   9/15 shard complete (elapsed 6493s, rows=270)
[satellite d=36 seed=0] S5_adaptive: auroc=0.807 (teacher 0.847)  (2202.0s)
[train]   done satellite seed=0: 30 rows in 6543.3s
[train]   10/15 shard complete (elapsed 6547s, rows=300)
